
[1m[46m RUN [49m[22m [36mv4.0.18 [39m[90mC:/Users/Mat/.gemini/antigravity/scratch/smart_meal_planner/frontend[39m


[2m Test Files [22m [2mno tests[22m
[2m      Tests [22m [2mno tests[22m
[2m     Errors [22m [1m[31m2 errors[39m[22m
[2m   Start at [22m 20:45:39
[2m   Duration [22m 403ms[2m (transform 0ms, setup 0ms, import 0ms, tests 0ms, environment 0ms)[22m

